Archive member included to satisfy reference by file (symbol)

lib/orangescrt.a(printf.o)    kernel/main.o (printl)
lib/orangescrt.a(vsprintf.o)  kernel/main.o (vsprintf)
lib/orangescrt.a(string.o)    kernel/start.o (memcpy)
lib/orangescrt.a(misc.o)      kernel/main.o (send_recv)
lib/orangescrt.a(open.o)      kernel/main.o (open)
lib/orangescrt.a(read.o)      kernel/main.o (read)
lib/orangescrt.a(write.o)     kernel/main.o (write)
lib/orangescrt.a(close.o)     kernel/main.o (close)
lib/orangescrt.a(lseek.o)     kernel/main.o (lseek)
lib/orangescrt.a(getpid.o)    fs/disklog.o (getpid)
lib/orangescrt.a(stat.o)      mm/exec.o (stat)
lib/orangescrt.a(fork.o)      kernel/main.o (fork)
lib/orangescrt.a(wait.o)      kernel/main.o (wait)
lib/orangescrt.a(exec.o)      kernel/main.o (execv)
lib/orangescrt.a(syscall.o)   lib/orangescrt.a(misc.o) (sendrec)

Allocating common symbols
Common symbol       size              file

idt_ptr             0x6               kernel/global.o
inode_table         0xb00             kernel/global.o
task_stack          0x24000           kernel/global.o
k_reenter           0x4               kernel/global.o
gdt                 0x400             kernel/global.o
current_console     0x4               kernel/global.o
pcaller             0x4               kernel/global.o
tty_table           0xc6c             kernel/global.o
tss                 0x68              kernel/global.o
fs_msg              0x30              kernel/global.o
memory_size         0x4               kernel/global.o
f_desc_table        0x400             kernel/global.o
root_inode          0x4               kernel/global.o
disp_pos            0x4               kernel/global.o
mm_msg              0x30              kernel/global.o
key_pressed         0x4               kernel/global.o
gdt_ptr             0x6               kernel/global.o
idt                 0x800             kernel/global.o
super_block         0x1e0             kernel/global.o
PARTITION_ENTRY     0x10              kernel/hd.o
ticks               0x4               kernel/global.o
console_table       0x3c              kernel/global.o
irq_table           0x40              kernel/global.o
p_proc_ready        0x4               kernel/global.o
proc_table          0x3d48            kernel/global.o

Discarded input sections

 .note.GNU-stack
                0x0000000000000000        0x0 kernel/start.o
 .note.GNU-stack
                0x0000000000000000        0x0 kernel/main.o
 .note.GNU-stack
                0x0000000000000000        0x0 kernel/clock.o
 .note.GNU-stack
                0x0000000000000000        0x0 kernel/keyboard.o
 .note.GNU-stack
                0x0000000000000000        0x0 kernel/tty.o
 .note.GNU-stack
                0x0000000000000000        0x0 kernel/console.o
 .note.GNU-stack
                0x0000000000000000        0x0 kernel/i8259.o
 .note.GNU-stack
                0x0000000000000000        0x0 kernel/global.o
 .note.GNU-stack
                0x0000000000000000        0x0 kernel/protect.o
 .note.GNU-stack
                0x0000000000000000        0x0 kernel/proc.o
 .note.GNU-stack
                0x0000000000000000        0x0 kernel/systask.o
 .note.GNU-stack
                0x0000000000000000        0x0 kernel/hd.o
 .note.GNU-stack
                0x0000000000000000        0x0 kernel/klib.o
 .note.GNU-stack
                0x0000000000000000        0x0 lib/syslog.o
 .note.GNU-stack
                0x0000000000000000        0x0 mm/main.o
 .note.GNU-stack
                0x0000000000000000        0x0 mm/forkexit.o
 .note.GNU-stack
                0x0000000000000000        0x0 mm/exec.o
 .note.GNU-stack
                0x0000000000000000        0x0 functions/sechdule.o
 .note.GNU-stack
                0x0000000000000000        0x0 fs/main.o
 .note.GNU-stack
                0x0000000000000000        0x0 fs/open.o
 .note.GNU-stack
                0x0000000000000000        0x0 fs/misc.o
 .note.GNU-stack
                0x0000000000000000        0x0 fs/read_write.o
 .note.GNU-stack
                0x0000000000000000        0x0 fs/link.o
 .note.GNU-stack
                0x0000000000000000        0x0 fs/disklog.o
 .note.GNU-stack
                0x0000000000000000        0x0 lib/orangescrt.a(printf.o)
 .note.GNU-stack
                0x0000000000000000        0x0 lib/orangescrt.a(vsprintf.o)
 .note.GNU-stack
                0x0000000000000000        0x0 lib/orangescrt.a(misc.o)
 .note.GNU-stack
                0x0000000000000000        0x0 lib/orangescrt.a(open.o)
 .note.GNU-stack
                0x0000000000000000        0x0 lib/orangescrt.a(read.o)
 .note.GNU-stack
                0x0000000000000000        0x0 lib/orangescrt.a(write.o)
 .note.GNU-stack
                0x0000000000000000        0x0 lib/orangescrt.a(close.o)
 .note.GNU-stack
                0x0000000000000000        0x0 lib/orangescrt.a(lseek.o)
 .note.GNU-stack
                0x0000000000000000        0x0 lib/orangescrt.a(getpid.o)
 .note.GNU-stack
                0x0000000000000000        0x0 lib/orangescrt.a(stat.o)
 .note.GNU-stack
                0x0000000000000000        0x0 lib/orangescrt.a(fork.o)
 .note.GNU-stack
                0x0000000000000000        0x0 lib/orangescrt.a(wait.o)
 .note.GNU-stack
                0x0000000000000000        0x0 lib/orangescrt.a(exec.o)

Memory Configuration

Name             Origin             Length             Attributes
*default*        0x0000000000000000 0xffffffffffffffff

Linker script and memory map

Address of section .text set to 0x1000
LOAD kernel/kernel.o
LOAD kernel/start.o
LOAD kernel/main.o
LOAD kernel/clock.o
LOAD kernel/keyboard.o
LOAD kernel/tty.o
LOAD kernel/console.o
LOAD kernel/i8259.o
LOAD kernel/global.o
LOAD kernel/protect.o
LOAD kernel/proc.o
LOAD kernel/systask.o
LOAD kernel/hd.o
LOAD kernel/kliba.o
LOAD kernel/klib.o
LOAD lib/syslog.o
LOAD mm/main.o
LOAD mm/forkexit.o
LOAD mm/exec.o
LOAD functions/page.o
LOAD functions/sechdule.o
LOAD fs/main.o
LOAD fs/open.o
LOAD fs/misc.o
LOAD fs/read_write.o
LOAD fs/link.o
LOAD fs/disklog.o
LOAD lib/orangescrt.a
                [!provide]                        PROVIDE (__executable_start, 0x8048000)
                0x0000000008048094                . = (0x8048000 + SIZEOF_HEADERS)

.interp
 *(.interp)

.note.gnu.build-id
 *(.note.gnu.build-id)

.hash
 *(.hash)

.gnu.hash
 *(.gnu.hash)

.dynsym
 *(.dynsym)

.dynstr
 *(.dynstr)

.gnu.version
 *(.gnu.version)

.gnu.version_d
 *(.gnu.version_d)

.gnu.version_r
 *(.gnu.version_r)

.rel.dyn        0x0000000008048094        0x0
 *(.rel.init)
 *(.rel.text .rel.text.* .rel.gnu.linkonce.t.*)
 .rel.text      0x0000000008048094        0x0 kernel/kernel.o
 *(.rel.fini)
 *(.rel.rodata .rel.rodata.* .rel.gnu.linkonce.r.*)
 *(.rel.data.rel.ro .rel.data.rel.ro.* .rel.gnu.linkonce.d.rel.ro.*)
 *(.rel.data .rel.data.* .rel.gnu.linkonce.d.*)
 .rel.data      0x0000000008048094        0x0 kernel/kernel.o
 *(.rel.tdata .rel.tdata.* .rel.gnu.linkonce.td.*)
 *(.rel.tbss .rel.tbss.* .rel.gnu.linkonce.tb.*)
 *(.rel.ctors)
 *(.rel.dtors)
 *(.rel.got)
 *(.rel.bss .rel.bss.* .rel.gnu.linkonce.b.*)
 *(.rel.ifunc)

.rel.plt        0x0000000008048094        0x0
 *(.rel.plt)
                [!provide]                        PROVIDE (__rel_iplt_start, .)
 *(.rel.iplt)
 .rel.iplt      0x0000000008048094        0x0 kernel/kernel.o
                [!provide]                        PROVIDE (__rel_iplt_end, .)

.init
 *(SORT(.init))

.plt            0x00000000080480a0        0x0
 *(.plt)
 *(.iplt)
 .iplt          0x00000000080480a0        0x0 kernel/kernel.o

.plt.got
 *(.plt.got)

.text           0x0000000000001000     0xbee8
 *(.text.unlikely .text.*_unlikely .text.unlikely.*)
 *(.text.exit .text.exit.*)
 *(.text.startup .text.startup.*)
 *(.text.hot .text.hot.*)
 *(.text .stub .text.* .gnu.linkonce.t.*)
 .text          0x0000000000001000      0x410 kernel/kernel.o
                0x0000000000001000                _start
                0x0000000000001040                hwint00
                0x0000000000001070                hwint01
                0x00000000000010a0                hwint02
                0x00000000000010d0                hwint03
                0x0000000000001100                hwint04
                0x0000000000001130                hwint05
                0x0000000000001160                hwint06
                0x0000000000001190                hwint07
                0x00000000000011c0                hwint08
                0x00000000000011f0                hwint09
                0x0000000000001220                hwint10
                0x0000000000001250                hwint11
                0x0000000000001280                hwint12
                0x00000000000012b0                hwint13
                0x00000000000012e0                hwint14
                0x0000000000001310                hwint15
                0x0000000000001334                divide_error
                0x000000000000133a                single_step_exception
                0x0000000000001340                nmi
                0x0000000000001346                breakpoint_exception
                0x000000000000134c                overflow
                0x0000000000001352                bounds_check
                0x0000000000001358                inval_opcode
                0x000000000000135e                copr_not_available
                0x0000000000001364                double_fault
                0x0000000000001368                copr_seg_overrun
                0x000000000000136e                inval_tss
                0x0000000000001372                segment_not_present
                0x0000000000001376                stack_exception
                0x000000000000137a                general_protection
                0x000000000000137e                page_fault
                0x0000000000001382                copr_error
                0x00000000000013cb                sys_call
                0x00000000000013eb                restart
 .text          0x0000000000001410       0x95 kernel/start.o
                0x0000000000001410                cstart
 .text          0x00000000000014a5      0x90e kernel/main.o
                0x00000000000014a5                kernel_main
                0x00000000000017d5                get_ticks
                0x0000000000001809                untar
                0x0000000000001a3f                shabby_shell
                0x0000000000001c47                Init
                0x0000000000001d5b                TestA
                0x0000000000001d60                TestB
                0x0000000000001d65                TestC
                0x0000000000001d6a                panic
 .text          0x0000000000001db3      0x186 kernel/clock.o
                0x0000000000001db3                clock_handler
                0x0000000000001e4d                disp_proc
                0x0000000000001ea7                milli_delay
                0x0000000000001ee1                init_clock
 .text          0x0000000000001f39      0x6da kernel/keyboard.o
                0x0000000000001f39                keyboard_handler
                0x0000000000001fa3                init_keyboard
                0x0000000000002052                keyboard_read
 .text          0x0000000000002613      0xa4a kernel/tty.o
                0x0000000000002613                task_tty
                0x0000000000002804                in_process
                0x0000000000002d5d                sys_printx
                0x0000000000002efc                dump_tty_buf
 .text          0x000000000000305d      0x824 kernel/console.o
                0x000000000000305d                init_screen
                0x00000000000031d1                out_char
                0x00000000000034fb                is_current_console
                0x00000000000035ee                select_console
                0x000000000000362e                scroll_screen
 .text          0x0000000000003881      0x130 kernel/i8259.o
                0x0000000000003881                init_8259A
                0x0000000000003956                spurious_irq
                0x000000000000398d                put_irq_handler
 .text          0x00000000000039b1        0x0 kernel/global.o
 .text          0x00000000000039b1      0x65f kernel/protect.o
                0x00000000000039b1                init_prot
                0x0000000000003e19                seg2linear
                0x0000000000003e68                init_desc
                0x0000000000003ed5                exception_handler
 .text          0x0000000000004010     0x16f9 kernel/proc.o
                0x0000000000004010                schedule
                0x00000000000040aa                sys_sendrec
                0x00000000000041ca                ldt_seg_linear
                0x0000000000004214                va2la
                0x0000000000004275                reset_msg
                0x0000000000005123                inform_int
                0x00000000000052ba                dump_proc
                0x00000000000055fc                dump_msg
 .text          0x0000000000005709      0x2bc kernel/systask.o
                0x0000000000005709                task_sys
 .text          0x00000000000059c5      0xc53 kernel/hd.o
                0x00000000000059c5                task_hd
                0x00000000000065ed                hd_handler
 *fill*         0x0000000000006618        0x8 
 .text          0x0000000000006620      0x19a kernel/kliba.o
                0x0000000000006620                disp_str
                0x000000000000665e                disp_color_str
                0x000000000000669d                out_byte
                0x00000000000066a9                in_byte
                0x00000000000066b3                port_read
                0x00000000000066c6                port_write
                0x00000000000066d9                disable_irq
                0x000000000000670e                enable_irq
                0x000000000000672d                disable_int
                0x000000000000672f                enable_int
                0x0000000000006731                glitter
 .text          0x00000000000067ba      0x2af kernel/klib.o
                0x00000000000067ba                get_boot_params
                0x0000000000006840                get_kernel_map
                0x0000000000006950                itoa
                0x00000000000069fb                disp_int
                0x0000000000006a22                delay
 .text          0x0000000000006a69       0x6f lib/syslog.o
                0x0000000000006a69                syslog
 .text          0x0000000000006ad8      0x198 mm/main.o
                0x0000000000006ad8                task_mm
                0x0000000000006beb                alloc_mem
                0x0000000000006c66                free_mem
 .text          0x0000000000006c70      0x5c9 mm/forkexit.o
                0x0000000000006c70                do_fork
                0x0000000000006fb4                do_exit
                0x0000000000007180                do_wait
 .text          0x0000000000007239      0x33f mm/exec.o
                0x0000000000007239                do_exec
 .text          0x0000000000007578      0x342 functions/sechdule.o
                0x0000000000007578                inqueue
                0x00000000000075f7                outqueue
                0x0000000000007664                get_one_proc
                0x00000000000077ae                myschedule
 .text          0x00000000000078ba     0x106f fs/main.o
                0x00000000000078ba                task_fs
                0x000000000000830e                rw_sector
                0x0000000000008531                get_super_block
                0x0000000000008577                get_inode
                0x00000000000086da                put_inode
                0x0000000000008718                sync_inode
 .text          0x0000000000008929      0xb45 fs/open.o
                0x0000000000008929                do_open
                0x0000000000008e0a                do_close
                0x0000000000008e85                do_lseek
 .text          0x000000000000946e      0x39b fs/misc.o
                0x000000000000946e                do_stat
                0x0000000000009628                search_file
                0x000000000000977e                strip_path
 .text          0x0000000000009809      0x4b0 fs/read_write.o
                0x0000000000009809                do_rdwt
 .text          0x0000000000009cb9      0x7ac fs/link.o
                0x0000000000009cb9                do_unlink
 .text          0x000000000000a465     0x1f19 fs/disklog.o
                0x000000000000a465                disklog
                0x000000000000a9d2                dump_fd_graph
 .text          0x000000000000c37e       0xad lib/orangescrt.a(printf.o)
                0x000000000000c37e                printf
                0x000000000000c3e9                printl
 .text          0x000000000000c42b      0x305 lib/orangescrt.a(vsprintf.o)
                0x000000000000c489                vsprintf
                0x000000000000c70a                sprintf
 .text          0x000000000000c730       0x78 lib/orangescrt.a(string.o)
                0x000000000000c730                memcpy
                0x000000000000c759                memset
                0x000000000000c77a                strcpy
                0x000000000000c792                strlen
 .text          0x000000000000c7a8      0x254 lib/orangescrt.a(misc.o)
                0x000000000000c7a8                send_recv
                0x000000000000c862                memcmp
                0x000000000000c8d8                strcmp
                0x000000000000c94b                strcat
                0x000000000000c9aa                spin
                0x000000000000c9c5                assertion_failure
 .text          0x000000000000c9fc       0x63 lib/orangescrt.a(open.o)
                0x000000000000c9fc                open
 .text          0x000000000000ca5f       0x37 lib/orangescrt.a(read.o)
                0x000000000000ca5f                read
 .text          0x000000000000ca96       0x37 lib/orangescrt.a(write.o)
                0x000000000000ca96                write
 .text          0x000000000000cacd       0x2b lib/orangescrt.a(close.o)
                0x000000000000cacd                close
 .text          0x000000000000caf8       0x37 lib/orangescrt.a(lseek.o)
                0x000000000000caf8                lseek
 .text          0x000000000000cb2f       0x46 lib/orangescrt.a(getpid.o)
                0x000000000000cb2f                getpid
 .text          0x000000000000cb75       0x63 lib/orangescrt.a(stat.o)
                0x000000000000cb75                stat
 .text          0x000000000000cbd8       0x66 lib/orangescrt.a(fork.o)
                0x000000000000cbd8                fork
 .text          0x000000000000cc3e       0x3c lib/orangescrt.a(wait.o)
                0x000000000000cc3e                wait
 .text          0x000000000000cc7a      0x237 lib/orangescrt.a(exec.o)
                0x000000000000cc7a                exec
                0x000000000000cce5                execl
                0x000000000000cd0a                execv
 *fill*         0x000000000000ceb1        0xf 
 .text          0x000000000000cec0       0x28 lib/orangescrt.a(syscall.o)
                0x000000000000cec0                sendrec
                0x000000000000ceda                printx
 *(.gnu.warning)

.fini
 *(SORT(.fini))
                [!provide]                        PROVIDE (__etext, .)
                [!provide]                        PROVIDE (_etext, .)
                [!provide]                        PROVIDE (etext, .)

.rodata         0x000000000000cf00     0x2263
 *(.rodata .rodata.* .gnu.linkonce.r.*)
 .rodata        0x000000000000cf00       0x47 kernel/start.o
 *fill*         0x000000000000cf47        0x1 
 .rodata        0x000000000000cf48       0xe9 kernel/main.o
 .rodata        0x000000000000d031       0x21 kernel/clock.o
 *fill*         0x000000000000d052        0x2 
 .rodata        0x000000000000d054       0x64 kernel/keyboard.o
 .rodata        0x000000000000d0b8      0x168 kernel/tty.o
 .rodata        0x000000000000d220       0x5b kernel/console.o
 .rodata        0x000000000000d27b       0x11 kernel/i8259.o
 .rodata        0x000000000000d28c       0x10 kernel/global.o
                0x000000000000d28c                FSBUF_SIZE
                0x000000000000d290                MMBUF_SIZE
                0x000000000000d294                LOGBUF_SIZE
                0x000000000000d298                LOGDISKBUF_SIZE
 *fill*         0x000000000000d29c        0x4 
 .rodata        0x000000000000d2a0      0x580 kernel/protect.o
 .rodata        0x000000000000d820      0x5da kernel/proc.o
 .rodata        0x000000000000ddfa       0x11 kernel/systask.o
 *fill*         0x000000000000de0b        0x1 
 .rodata        0x000000000000de0c       0xee kernel/hd.o
 *fill*         0x000000000000defa        0x2 
 .rodata        0x000000000000defc       0x6a kernel/klib.o
 .rodata        0x000000000000df66       0x1e lib/syslog.o
 .rodata        0x000000000000df84       0x9d mm/main.o
 *fill*         0x000000000000e021        0x3 
 .rodata        0x000000000000e024       0xe7 mm/forkexit.o
 *fill*         0x000000000000e10b        0x1 
 .rodata        0x000000000000e10c       0x78 mm/exec.o
 .rodata        0x000000000000e184      0x22e fs/main.o
 *fill*         0x000000000000e3b2        0x2 
 .rodata        0x000000000000e3b4      0x198 fs/open.o
 .rodata        0x000000000000e54c       0x20 fs/misc.o
 .rodata        0x000000000000e56c      0x164 fs/read_write.o
 .rodata        0x000000000000e6d0       0xc5 fs/link.o
 *fill*         0x000000000000e795        0x3 
 .rodata        0x000000000000e798      0x7e3 fs/disklog.o
 .rodata        0x000000000000ef7b       0x14 lib/orangescrt.a(printf.o)
 *fill*         0x000000000000ef8f        0x1 
 .rodata        0x000000000000ef90       0xad lib/orangescrt.a(misc.o)
 .rodata        0x000000000000f03d       0x23 lib/orangescrt.a(open.o)
 .rodata        0x000000000000f060       0x25 lib/orangescrt.a(getpid.o)
 .rodata        0x000000000000f085       0x23 lib/orangescrt.a(stat.o)
 .rodata        0x000000000000f0a8       0x33 lib/orangescrt.a(fork.o)
 *fill*         0x000000000000f0db        0x1 
 .rodata        0x000000000000f0dc       0x87 lib/orangescrt.a(exec.o)

.rodata1
 *(.rodata1)

.eh_frame_hdr
 *(.eh_frame_hdr)
 *(.eh_frame_entry .eh_frame_entry.*)

.eh_frame       0x000000000000f164     0x130c
 *(.eh_frame)
 .eh_frame      0x000000000000f164       0x38 kernel/start.o
 .eh_frame      0x000000000000f19c      0x108 kernel/main.o
                                        0x120 (size before relaxing)
 .eh_frame      0x000000000000f2a4       0x80 kernel/clock.o
                                         0x98 (size before relaxing)
 .eh_frame      0x000000000000f324       0xe0 kernel/keyboard.o
                                         0xf8 (size before relaxing)
 .eh_frame      0x000000000000f404      0x13c kernel/tty.o
                                        0x154 (size before relaxing)
 .eh_frame      0x000000000000f540      0x144 kernel/console.o
                                        0x15c (size before relaxing)
 .eh_frame      0x000000000000f684       0x60 kernel/i8259.o
                                         0x78 (size before relaxing)
 .eh_frame      0x000000000000f6e4       0xb0 kernel/protect.o
                                         0xc8 (size before relaxing)
 .eh_frame      0x000000000000f794      0x1b8 kernel/proc.o
                                        0x1d0 (size before relaxing)
 .eh_frame      0x000000000000f94c       0x5c kernel/systask.o
                                         0x74 (size before relaxing)
 .eh_frame      0x000000000000f9a8      0x1c8 kernel/hd.o
                                        0x1e0 (size before relaxing)
 .eh_frame      0x000000000000fb70       0xa0 kernel/klib.o
                                         0xb8 (size before relaxing)
 .eh_frame      0x000000000000fc10       0x20 lib/syslog.o
                                         0x38 (size before relaxing)
 .eh_frame      0x000000000000fc30       0x7c mm/main.o
                                         0x94 (size before relaxing)
 .eh_frame      0x000000000000fcac       0x90 mm/forkexit.o
                                         0xa8 (size before relaxing)
 .eh_frame      0x000000000000fd3c       0x2c mm/exec.o
                                         0x44 (size before relaxing)
 .eh_frame      0x000000000000fd68       0x80 functions/sechdule.o
                                         0x98 (size before relaxing)
 .eh_frame      0x000000000000fde8      0x16c fs/main.o
                                        0x184 (size before relaxing)
 .eh_frame      0x000000000000ff54      0x120 fs/open.o
                                        0x138 (size before relaxing)
 .eh_frame      0x0000000000010074       0x68 fs/misc.o
                                         0x80 (size before relaxing)
 .eh_frame      0x00000000000100dc       0x2c fs/read_write.o
                                         0x44 (size before relaxing)
 .eh_frame      0x0000000000010108       0x2c fs/link.o
                                         0x44 (size before relaxing)
 .eh_frame      0x0000000000010134       0x60 fs/disklog.o
                                         0x78 (size before relaxing)
 .eh_frame      0x0000000000010194       0x40 lib/orangescrt.a(printf.o)
                                         0x58 (size before relaxing)
 .eh_frame      0x00000000000101d4       0x60 lib/orangescrt.a(vsprintf.o)
                                         0x78 (size before relaxing)
 .eh_frame      0x0000000000010234       0xbc lib/orangescrt.a(misc.o)
                                         0xd4 (size before relaxing)
 .eh_frame      0x00000000000102f0       0x20 lib/orangescrt.a(open.o)
                                         0x38 (size before relaxing)
 .eh_frame      0x0000000000010310       0x20 lib/orangescrt.a(read.o)
                                         0x38 (size before relaxing)
 .eh_frame      0x0000000000010330       0x20 lib/orangescrt.a(write.o)
                                         0x38 (size before relaxing)
 .eh_frame      0x0000000000010350       0x20 lib/orangescrt.a(close.o)
                                         0x38 (size before relaxing)
 .eh_frame      0x0000000000010370       0x20 lib/orangescrt.a(lseek.o)
                                         0x38 (size before relaxing)
 .eh_frame      0x0000000000010390       0x20 lib/orangescrt.a(getpid.o)
                                         0x38 (size before relaxing)
 .eh_frame      0x00000000000103b0       0x20 lib/orangescrt.a(stat.o)
                                         0x38 (size before relaxing)
 .eh_frame      0x00000000000103d0       0x20 lib/orangescrt.a(fork.o)
                                         0x38 (size before relaxing)
 .eh_frame      0x00000000000103f0       0x20 lib/orangescrt.a(wait.o)
                                         0x38 (size before relaxing)
 .eh_frame      0x0000000000010410       0x60 lib/orangescrt.a(exec.o)
                                         0x78 (size before relaxing)
 *(.eh_frame.*)

.gcc_except_table
 *(.gcc_except_table .gcc_except_table.*)

.gnu_extab
 *(.gnu_extab*)

.exception_ranges
 *(.exception_ranges .exception_ranges*)
                0x0000000000011470                . = DATA_SEGMENT_ALIGN (0x1000, 0x1000)

.eh_frame
 *(.eh_frame)
 *(.eh_frame.*)

.gnu_extab
 *(.gnu_extab)

.gcc_except_table
 *(.gcc_except_table .gcc_except_table.*)

.exception_ranges
 *(.exception_ranges .exception_ranges*)

.tdata
 *(.tdata .tdata.* .gnu.linkonce.td.*)

.tbss
 *(.tbss .tbss.* .gnu.linkonce.tb.*)
 *(.tcommon)

.preinit_array  0x0000000000011470        0x0
                [!provide]                        PROVIDE (__preinit_array_start, .)
 *(.preinit_array)
                [!provide]                        PROVIDE (__preinit_array_end, .)

.init_array     0x0000000000011470        0x0
                [!provide]                        PROVIDE (__init_array_start, .)
 *(SORT(.init_array.*) SORT(.ctors.*))
 *(.init_array EXCLUDE_FILE(*crtend?.o *crtend.o *crtbegin?.o *crtbegin.o) .ctors)
                [!provide]                        PROVIDE (__init_array_end, .)

.fini_array     0x0000000000011470        0x0
                [!provide]                        PROVIDE (__fini_array_start, .)
 *(SORT(.fini_array.*) SORT(.dtors.*))
 *(.fini_array EXCLUDE_FILE(*crtend?.o *crtend.o *crtbegin?.o *crtbegin.o) .dtors)
                [!provide]                        PROVIDE (__fini_array_end, .)

.ctors
 *crtbegin.o(.ctors)
 *crtbegin?.o(.ctors)
 *(EXCLUDE_FILE(*crtend?.o *crtend.o) .ctors)
 *(SORT(.ctors.*))
 *(.ctors)

.dtors
 *crtbegin.o(.dtors)
 *crtbegin?.o(.dtors)
 *(EXCLUDE_FILE(*crtend?.o *crtend.o) .dtors)
 *(SORT(.dtors.*))
 *(.dtors)

.jcr
 *(.jcr)

.data.rel.ro
 *(.data.rel.ro.local* .gnu.linkonce.d.rel.ro.local.*)
 *(.data.rel.ro .data.rel.ro.* .gnu.linkonce.d.rel.ro.*)

.dynamic
 *(.dynamic)

.got
 *(.got)
 *(.igot)
                0x0000000000011470                . = DATA_SEGMENT_RELRO_END (., (SIZEOF (.got.plt) >= 0xc)?0xc:0x0)

.got.plt        0x0000000000011470        0x0
 *(.got.plt)
 *(.igot.plt)
 .igot.plt      0x0000000000011470        0x0 kernel/kernel.o

.data           0x0000000000011480      0xc02
 *(.data .data.* .gnu.linkonce.d.*)
 .data          0x0000000000011480        0x2 kernel/kernel.o
 .data          0x0000000000011482        0x0 kernel/start.o
 .data          0x0000000000011482        0x0 kernel/main.o
 .data          0x0000000000011482        0x0 kernel/clock.o
 *fill*         0x0000000000011482       0x1e 
 .data          0x00000000000114a0      0x600 kernel/keyboard.o
                0x00000000000114a0                keymap
 .data          0x0000000000011aa0       0x22 kernel/tty.o
 .data          0x0000000000011ac2        0x0 kernel/console.o
 .data          0x0000000000011ac2        0x0 kernel/i8259.o
 *fill*         0x0000000000011ac2       0x1e 
 .data          0x0000000000011ae0      0x454 kernel/global.o
                0x0000000000011ae0                queue
                0x0000000000011d80                task_table
                0x0000000000011e60                user_proc_table
                0x0000000000011f00                sys_call_table
                0x0000000000011f0c                dd_map
                0x0000000000011f24                fsbuf
                0x0000000000011f28                mmbuf
                0x0000000000011f2c                logbuf
                0x0000000000011f30                logdiskbuf
 .data          0x0000000000011f34        0x0 kernel/protect.o
 .data          0x0000000000011f34        0x0 kernel/proc.o
 .data          0x0000000000011f34        0x0 kernel/systask.o
 .data          0x0000000000011f34        0x0 kernel/hd.o
 .data          0x0000000000011f34        0x0 kernel/klib.o
 .data          0x0000000000011f34        0x0 lib/syslog.o
 .data          0x0000000000011f34        0x0 mm/main.o
 .data          0x0000000000011f34        0x0 mm/forkexit.o
 .data          0x0000000000011f34        0x0 mm/exec.o
 .data          0x0000000000011f34      0x14e functions/page.o
                0x0000000000011f78                free_pages
                0x0000000000011fcb                alloc_pages
                0x0000000000012062                AllocAndFree
 .data          0x0000000000012082        0x0 functions/sechdule.o
 .data          0x0000000000012082        0x0 fs/main.o
 .data          0x0000000000012082        0x0 fs/open.o
 .data          0x0000000000012082        0x0 fs/misc.o
 .data          0x0000000000012082        0x0 fs/read_write.o
 .data          0x0000000000012082        0x0 fs/link.o
 .data          0x0000000000012082        0x0 fs/disklog.o
 .data          0x0000000000012082        0x0 lib/orangescrt.a(printf.o)
 .data          0x0000000000012082        0x0 lib/orangescrt.a(vsprintf.o)
 .data          0x0000000000012082        0x0 lib/orangescrt.a(misc.o)
 .data          0x0000000000012082        0x0 lib/orangescrt.a(open.o)
 .data          0x0000000000012082        0x0 lib/orangescrt.a(read.o)
 .data          0x0000000000012082        0x0 lib/orangescrt.a(write.o)
 .data          0x0000000000012082        0x0 lib/orangescrt.a(close.o)
 .data          0x0000000000012082        0x0 lib/orangescrt.a(lseek.o)
 .data          0x0000000000012082        0x0 lib/orangescrt.a(getpid.o)
 .data          0x0000000000012082        0x0 lib/orangescrt.a(stat.o)
 .data          0x0000000000012082        0x0 lib/orangescrt.a(fork.o)
 .data          0x0000000000012082        0x0 lib/orangescrt.a(wait.o)
 .data          0x0000000000012082        0x0 lib/orangescrt.a(exec.o)

.data1
 *(.data1)
                0x0000000000012082                _edata = .
                [!provide]                        PROVIDE (edata, .)
                0x0000000000012082                . = .
                0x0000000000012082                __bss_start = .

.bss            0x00000000000120a0    0x2b9d8
 *(.dynbss)
 *(.bss .bss.* .gnu.linkonce.b.*)
 .bss           0x00000000000120a0      0x800 kernel/kernel.o
 .bss           0x00000000000128a0        0x0 kernel/start.o
 .bss           0x00000000000128a0        0x0 kernel/main.o
 .bss           0x00000000000128a0        0x0 kernel/clock.o
 .bss           0x00000000000128a0       0x58 kernel/keyboard.o
 .bss           0x00000000000128f8        0x0 kernel/tty.o
 .bss           0x00000000000128f8        0x0 kernel/console.o
 .bss           0x00000000000128f8        0x0 kernel/i8259.o
 .bss           0x00000000000128f8        0x0 kernel/global.o
 .bss           0x00000000000128f8        0x0 kernel/protect.o
 .bss           0x00000000000128f8        0x0 kernel/proc.o
 .bss           0x00000000000128f8        0x0 kernel/systask.o
 *fill*         0x00000000000128f8        0x8 
 .bss           0x0000000000012900      0x64c kernel/hd.o
 .bss           0x0000000000012f4c        0x0 kernel/klib.o
 .bss           0x0000000000012f4c        0x0 lib/syslog.o
 .bss           0x0000000000012f4c        0x0 mm/main.o
 .bss           0x0000000000012f4c        0x0 mm/forkexit.o
 .bss           0x0000000000012f4c        0x0 mm/exec.o
 .bss           0x0000000000012f4c        0x0 functions/sechdule.o
 .bss           0x0000000000012f4c        0x0 fs/main.o
 .bss           0x0000000000012f4c        0x0 fs/open.o
 .bss           0x0000000000012f4c        0x0 fs/misc.o
 .bss           0x0000000000012f4c        0x0 fs/read_write.o
 .bss           0x0000000000012f4c        0x0 fs/link.o
 *fill*         0x0000000000012f4c       0x14 
 .bss           0x0000000000012f60      0x208 fs/disklog.o
 .bss           0x0000000000013168        0x0 lib/orangescrt.a(printf.o)
 .bss           0x0000000000013168        0x0 lib/orangescrt.a(vsprintf.o)
 .bss           0x0000000000013168        0x0 lib/orangescrt.a(misc.o)
 .bss           0x0000000000013168        0x0 lib/orangescrt.a(open.o)
 .bss           0x0000000000013168        0x0 lib/orangescrt.a(read.o)
 .bss           0x0000000000013168        0x0 lib/orangescrt.a(write.o)
 .bss           0x0000000000013168        0x0 lib/orangescrt.a(close.o)
 .bss           0x0000000000013168        0x0 lib/orangescrt.a(lseek.o)
 .bss           0x0000000000013168        0x0 lib/orangescrt.a(getpid.o)
 .bss           0x0000000000013168        0x0 lib/orangescrt.a(stat.o)
 .bss           0x0000000000013168        0x0 lib/orangescrt.a(fork.o)
 .bss           0x0000000000013168        0x0 lib/orangescrt.a(wait.o)
 .bss           0x0000000000013168        0x0 lib/orangescrt.a(exec.o)
 *(COMMON)
 *fill*         0x0000000000013168       0x18 
 COMMON         0x0000000000013180    0x2a8e8 kernel/global.o
                0x0000000000013180                idt_ptr
                0x00000000000131a0                inode_table
                0x0000000000013ca0                task_stack
                0x0000000000037ca0                k_reenter
                0x0000000000037cc0                gdt
                0x00000000000380c0                current_console
                0x00000000000380c4                pcaller
                0x00000000000380e0                tty_table
                0x0000000000038d60                tss
                0x0000000000038de0                fs_msg
                0x0000000000038e10                memory_size
                0x0000000000038e20                f_desc_table
                0x0000000000039220                root_inode
                0x0000000000039224                disp_pos
                0x0000000000039240                mm_msg
                0x0000000000039270                key_pressed
                0x0000000000039274                gdt_ptr
                0x0000000000039280                idt
                0x0000000000039a80                super_block
                0x0000000000039c60                ticks
                0x0000000000039c80                console_table
                0x0000000000039cc0                irq_table
                0x0000000000039d00                p_proc_ready
                0x0000000000039d20                proc_table
 COMMON         0x000000000003da68       0x10 kernel/hd.o
                0x000000000003da68                PARTITION_ENTRY
                0x000000000003da78                . = ALIGN ((. != 0x0)?0x4:0x1)
                0x000000000003da78                . = ALIGN (0x4)
                0x000000000003da78                . = SEGMENT_START ("ldata-segment", .)
                0x000000000003da78                . = ALIGN (0x4)
                0x000000000003da78                _end = .
                [!provide]                        PROVIDE (end, .)
                0x000000000003da78                . = DATA_SEGMENT_END (.)

.stab
 *(.stab)

.stabstr
 *(.stabstr)

.stab.excl
 *(.stab.excl)

.stab.exclstr
 *(.stab.exclstr)

.stab.index
 *(.stab.index)

.stab.indexstr
 *(.stab.indexstr)

.comment        0x0000000000000000       0x35
 *(.comment)
 .comment       0x0000000000000000       0x35 kernel/start.o
                                         0x36 (size before relaxing)
 .comment       0x0000000000000035       0x36 kernel/main.o
 .comment       0x0000000000000035       0x36 kernel/clock.o
 .comment       0x0000000000000035       0x36 kernel/keyboard.o
 .comment       0x0000000000000035       0x36 kernel/tty.o
 .comment       0x0000000000000035       0x36 kernel/console.o
 .comment       0x0000000000000035       0x36 kernel/i8259.o
 .comment       0x0000000000000035       0x36 kernel/global.o
 .comment       0x0000000000000035       0x36 kernel/protect.o
 .comment       0x0000000000000035       0x36 kernel/proc.o
 .comment       0x0000000000000035       0x36 kernel/systask.o
 .comment       0x0000000000000035       0x36 kernel/hd.o
 .comment       0x0000000000000035       0x36 kernel/klib.o
 .comment       0x0000000000000035       0x36 lib/syslog.o
 .comment       0x0000000000000035       0x36 mm/main.o
 .comment       0x0000000000000035       0x36 mm/forkexit.o
 .comment       0x0000000000000035       0x36 mm/exec.o
 .comment       0x0000000000000035       0x36 functions/sechdule.o
 .comment       0x0000000000000035       0x36 fs/main.o
 .comment       0x0000000000000035       0x36 fs/open.o
 .comment       0x0000000000000035       0x36 fs/misc.o
 .comment       0x0000000000000035       0x36 fs/read_write.o
 .comment       0x0000000000000035       0x36 fs/link.o
 .comment       0x0000000000000035       0x36 fs/disklog.o
 .comment       0x0000000000000035       0x36 lib/orangescrt.a(printf.o)
 .comment       0x0000000000000035       0x36 lib/orangescrt.a(vsprintf.o)
 .comment       0x0000000000000035       0x36 lib/orangescrt.a(misc.o)
 .comment       0x0000000000000035       0x36 lib/orangescrt.a(open.o)
 .comment       0x0000000000000035       0x36 lib/orangescrt.a(read.o)
 .comment       0x0000000000000035       0x36 lib/orangescrt.a(write.o)
 .comment       0x0000000000000035       0x36 lib/orangescrt.a(close.o)
 .comment       0x0000000000000035       0x36 lib/orangescrt.a(lseek.o)
 .comment       0x0000000000000035       0x36 lib/orangescrt.a(getpid.o)
 .comment       0x0000000000000035       0x36 lib/orangescrt.a(stat.o)
 .comment       0x0000000000000035       0x36 lib/orangescrt.a(fork.o)
 .comment       0x0000000000000035       0x36 lib/orangescrt.a(wait.o)
 .comment       0x0000000000000035       0x36 lib/orangescrt.a(exec.o)

.debug
 *(.debug)

.line
 *(.line)

.debug_srcinfo
 *(.debug_srcinfo)

.debug_sfnames
 *(.debug_sfnames)

.debug_aranges
 *(.debug_aranges)

.debug_pubnames
 *(.debug_pubnames)

.debug_info
 *(.debug_info .gnu.linkonce.wi.*)

.debug_abbrev
 *(.debug_abbrev)

.debug_line
 *(.debug_line .debug_line.* .debug_line_end)

.debug_frame
 *(.debug_frame)

.debug_str
 *(.debug_str)

.debug_loc
 *(.debug_loc)

.debug_macinfo
 *(.debug_macinfo)

.debug_weaknames
 *(.debug_weaknames)

.debug_funcnames
 *(.debug_funcnames)

.debug_typenames
 *(.debug_typenames)

.debug_varnames
 *(.debug_varnames)

.debug_pubtypes
 *(.debug_pubtypes)

.debug_ranges
 *(.debug_ranges)

.debug_macro
 *(.debug_macro)

.gnu.attributes
 *(.gnu.attributes)

/DISCARD/
 *(.note.GNU-stack)
 *(.gnu_debuglink)
 *(.gnu.lto_*)
OUTPUT(kernel.bin elf32-i386)
